------------------------------------------------------------------------------
ID   |GROUP   |LINK    |SIF POSITION (start-end)  |TYPE
------------------------------------------------------------------------------
1    |1       |NONE    |32768-32772               |FS (Raw/System/386)
2    |1       |NONE    |36864-36868               |FS (Squashfs/*System/386)
3    |2       |NONE    |40960-40964               |FS (Ext3/System/amd64)
4    |1       |1       |45056-45665               |Signature (SHA-384)
5    |1       |2       |49152-49761               |Signature (SHA-384)
