-----BEGIN PGP SIGNED MESSAGE-----
Hash: SHA256

{"version":1,"header":{"digest":"sha1:ada68a4647c332f3b89905972c28432bf8dfbe91"},"objects":[{"id":3,"descriptorDigest":"sha1:362395590dae18deb11b0235276e9c0e3309d1f5","objectDigest":"sha1:5b6f4d388e3bfe2ff34ef90365b35370daa3c4c4"}]}
-----BEGIN PGP SIGNATURE-----

wsBcBAEBCAAQBQJZr0CRCRCiDCfuf/e6hAAAPpkIAIUq8LjK/dTU1y/aGbMyUBBe
dO4XEfSwR2+EYFLNeRJ7zAGp6Rch12HaFHb9fnPIecBVedG3LBKOgFVyx+IZaD5v
y3G8H9c3U8GTWjzi7tSBQHcZuiRYnkXB2a2fGRMtR9Mrs9bZk915XlODwOPh6AUf
TQTvSMcE/MW21sN4KYIT1sp3Dt00SocRCLTOgcvohrw/S3V9Yp+MKgj63vnzltkY
J9M/7pNegafY1VlM+YXqh33V2whwEItxvi1sHdajpBr2DI0f6yi4rrMV21QK8Znn
4nb5yR3QSoEBwtyBEuGeBZNJ/VlJDUrjVNfnNwTNQqqE6CYpoYhvpWNYaeVW6pw=
=mza8
-----END PGP SIGNATURE-----