-----BEGIN PGP SIGNED MESSAGE-----
Hash: SHA256

{"version":1,"header":{"digest":"sha1:ada68a4647c332f3b89905972c28432bf8dfbe91"},"objects":[{"relativeId":0,"descriptorDigest":"sha1:dd56249071ddff775f5aceb0ba4649c291513491","objectDigest":"sha1:5b6f4d388e3bfe2ff34ef90365b35370daa3c4c4"}]}
-----BEGIN PGP SIGNATURE-----

wsBcBAEBCAAQBQJZr0CRCRCiDCfuf/e6hAAAew8IAJEtO272Y2VyuLBk4OBuPTov
b3mv0sC4Hyr9pmYyctdLyC94vl/42x/UanqMfgx93WMat4X/syax8QpnmC9miwsD
qLy/MnHNmQN4Uqm2+b//TWdFEgamT2O1spIHJtJlSrEJ2YG+5ODGm6DKvyMk22CU
lzuCSJJtHdzeoozt/zrnC9P/JgxG/2k9s5nKowgHQjkjsWAS3ehGHW6RFP1a/96I
N/HqzcpkDrd02cWA8Mr4yrdbqYsdgLn/o6LzEgsPR3XNAead9oRFcOIskLafu6pT
Egm4bnj5/VgccymY08cIICdinsz0SdwZFfbv6Iv1GPkWAtOlD6TwaIXcFd8h1KY=
=MBPp
-----END PGP SIGNATURE-----