-----BEGIN PGP SIGNED MESSAGE-----
Hash: SHA256

{"version":1,"header":{"digest":"sha1:ada68a4647c332f3b89905972c28432bf8dfbe91"},"objects":[{"relativeId":0,"descriptorDigest":"sha1:2b63769dfb558196043080779cb9c14b5f7f26ae","objectDigest":"sha1:15146b9bf4f1f5f9bf176a398d8c4f0321c63064"},{"relativeId":1,"descriptorDigest":"sha1:253db147368626e683190e6e406c802eb2267697","objectDigest":"sha1:d78f8bb992a56a597f6c7a1fb918bb78271367eb"}]}
-----BEGIN PGP SIGNATURE-----

wsBzBAEBCAAnBQJZr0CRCRCiDCfuf/e6hBYhBBIEXIwLEATQWN5L7aIMJ+5/97qE
AAABRwf/Y0pXd2qpucZaEsX7nISZ/kO9fFpuEhl7L9FoBEmQyCdf4ZwfLazNKYVb
iaFwRYawTVoXfTIfAL16M2dqI0N0TuCggAO6rZ5vxF6Lb5kTP9fDvB371x4dXmC6
e+rsUDvbjYzqwHdIHFLC/QzKi0kbCCtJ2ansa1d9qlCbgVR4ASkffNHmlfxxzukx
pRh1VXio1oPMao78yzMCYGqTc5O65qD6grigE8gUMVKfArLfkj6l2SgaLEl/jf+H
+Xlj5nt4ljPoRzrEresEOFJ0Vq8TH6M6mk7fL21vyCs9dqwAPmDgni5ZBvds1toV
Jm5mNM3GP05BK2f7Bt0T4/Y9jbqIAw==
=uaMa
-----END PGP SIGNATURE-----