-----BEGIN PGP SIGNED MESSAGE-----
Hash: SHA256

{"version":1,"header":{"digest":"sha1:86696357e7806b51baf75fc0bf9b8fc677e5cdd0"},"objects":[{"relativeId":0,"descriptorDigest":"sha1:29a17f7af58fc4096a6926ba0f3e4b519cdf4b31","objectDigest":"sha1:5b6f4d388e3bfe2ff34ef90365b35370daa3c4c4"}]}
-----BEGIN PGP SIGNATURE-----

wsBzBAEBCAAnBQJZr0CRCZCiDCfuf/e6hBahBBIEXIwLEATQWN5L7aIMJ+5/97qE
AAAmAwgAoqS7MlEisLM2hG5O5iv+ePC0nuaa9gtRcwVn5Z9+j4zqMppYT5a+P5DL
EfMcMUaPSFlb122rWoFysqEzTUh24TT6XvE1l9vpyewsDPTjcIaGWJ1CjvKgk3pC
M/2WlYodQkUKyr+AWj15si+iNHvzr4WN8zydLbbCDuNPcuV28y0uq4hsaROhNjp5
9Hs8BAc1N6W2b5Ec22BF8WSGu9/gqmwEsZGIT3oOqv91hkqhemnhxsTmPA7krOra
S2Jtrh1yUVJ8C6D18LXJBAmtREqptzjcxE3Vt+3Do2j90rZOMz3G2vKdEqKuz6vO
2wnaya+1uTfJ2P3OjA+ogmz2LSSJAg==
=+evX
-----END PGP SIGNATURE-----