-----BEGIN PGP SIGNED MESSAGE-----
Hash: SHA256

{"version":1,"header":{"digest":"sha1:ada68a4647c332f3b89905972c28432bf8dfbe91"},"objects":[{"id":1,"descriptorDigest":"sha1:b02404a1b7c112f0c7d191635e2b3ecd1a7f002d","objectDigest":"sha1:15146b9bf4f1f5f9bf176a398d8c4f0321c63064"},{"id":2,"descriptorDigest":"sha1:15cf1f503594b31b240e349fb44b53f44a096eaa","objectDigest":"sha1:d78f8bb992a56a597f6c7a1fb918bb78271367eb"}]}
-----BEGIN PGP SIGNATURE-----

wsBcBAEBCAAQBQJZr0CRCRCiDCfuf/e6hAAAE6QIAFl6z66u/HsJ1nnJAU6RTTHV
MXghWRT50Q2OqSd7Vsg3bSOoLDcocSxKTgKtSbzfDUqtiYt6uYdHAFl1ITyfHRst
bytOmaLs3OSk+R6BlVnjHvMqdq//2H136K1vzcKqfIGGpABloyAlUBxUkLRiBCrB
RwBrDcBeHXNIrNDNhzC6geBvurt9AOxJqdQKlDxWFSaddL0AJC7UiqyUlIuqHp/y
of+pEjNNbnGxTBVODAkh2VUPupLsh0TPRMz9c+wPQ5758OlTdDHArGAEZpiVccq4
KZPJhPcjYrWKtKvgSFJQRwIRkCO3xhMNl0oxHmjr8trUFLOYElD5PRWdJdqiCYk=
=QTyf
-----END PGP SIGNATURE-----