-----BEGIN PGP SIGNED MESSAGE-----
Hash: SHA256

{"version":1,"header":{"digest":"sha1:ada68a4647c332f3b89905972c28432bf8dfbe91"},"objects":[{"id":1,"descriptorDigest":"sha1:b02404a1b7c112f0c7d191635e2b3ecd1a7f002d","objectDigest":"sha1:15146b9bf4f1f5f9bf176a398d8c4f0321c63064"}]}
-----BEGIN PGP SIGNATURE-----

wsBcBAEBCAAQBQJZr0CRCRCiDCfuf/e6hAAAOb8IAE8eulN3kAEEjbGdubA9i+fh
SgQVxQBN4+ydvvEiHZulJCzV0mI5/tYCs0bY6SoxRZ4/iBJwEp45Fb4IoVQc1wrQ
Y7+JT/ZchFkI5CSfRDpQsPJgsRtNkT+G3odtOSX4AbNn9eYd5DCFqOtthyuwsA7h
l6WBAI4In4V+yywwjh45g9i4k8O8wOeDNxFz9qw6j2e1hvZ9r5CCEslg1721VYhx
0WNQ6srRq1psgbQCm4CQZzebub7hExa0DWwwlsEbBHxYyvcRWmqALIegjDI2e3G2
gaE63RPWtC/fU1kaUjePM5l9O/VCWYyUmQW9F12nGvKidJxl04rOaz017la1aUo=
=m1T9
-----END PGP SIGNATURE-----