-----BEGIN PGP SIGNED MESSAGE-----
Hash: SHA256

{"version":1,"header":{"digest":"sha1:ada68a4647c332f3b89905972c28432bf8dfbe91"},"objects":[{"relativeId":1,"descriptorDigest":"sha1:253db147368626e683190e6e406c802eb2267697","objectDigest":"sha1:d78f8bb992a56a597f6c7a1fb918bb78271367eb"}]}
-----BEGIN PGP SIGNATURE-----

wsBcBAEBCAAQBQJZr0CRCRCiDCfuf/e6hAAACBsIADnK+hKwg2s2HLQv4gP0RlUp
taSGXjU8j86/QiRUi74tUH3nU/oOzzS9HjBId/CRoInyPbBTjgMdlYk/yvIGtY8B
TtG0b7tB0TCxAysmBkBBP4gj8215kISXWy1dQ93FORaE35Nz5YQZ9cFEVMFaQQ2c
jt/d+dgxqXlc5sXlj2u/QrlCLhbcO5LMHXbcp0d/3a/1Ldzr2DyGtoTEgUP3kvfb
p9D+6k4eUwD0MXTkWm3mnpOUYAwWGs4kh93DM8Yp1wtetbegOIrcMQRLbfL4/fgt
Jz/OMJQYS2Gln6L4eifR8sJns1ggeIeLWbxwmaH3RWMaBKHGnHUK8u6Xp6ddSMk=
=SWSp
-----END PGP SIGNATURE-----