-----BEGIN PGP SIGNED MESSAGE-----
Hash: SHA256

{"version":1,"header":{"digest":"sha1:86696357e7806b51baf75fc0bf9b8fc677e5cdd0"},"objects":[{"relativeId":1,"descriptorDigest":"sha1:ddf7e6609fec1f565545207f28d4b39f499d78c5","objectDigest":"sha1:d78f8bb992a56a597f6c7a1fb918bb78271367eb"}]}
-----BEGIN PGP SIGNATURE-----

wsBzBAEBCAAnBQJZr0CRCZCiDCfuf/e6hBahBBIEXIwLEATQWN5L7aIMJ+5/97qE
AAA6bQgAjayt2iTRKVyO88+7/Zwx/XyABN3VFyZV1tvyRV7WOkA9UYFu7XZcTKQk
117dTJ+E5KcGkTfnpS1hhCz/SCJVoBoBHeXI3G3WLAZYn0U0Es+BCRhm3I1iihF3
lbV22Ji088lSUWVw1F6/NQY2W25hJElY9F4ryIdBIeaH8D46hGcTR448DLkue07U
OJyZoNjyWGTJ9/DRPSnwt+befYpumgW9PQR4DmeATZYLUmosHcphCXUyiLjecpjx
i345E3mOkYfEraQoKP9Y+m8KdvQ+TtgFmiZhdvshcZm37IuOW1Zhx1HRq4tinstV
PFEelhBpvrS/jrQQmzD7IMsgLoQ8Yg==
=M0ar
-----END PGP SIGNATURE-----