-----BEGIN PGP SIGNED MESSAGE-----
Hash: SHA256

{"version":1,"header":{"digest":"sha1:ada68a4647c332f3b89905972c28432bf8dfbe91"},"objects":[{"relativeId":0,"descriptorDigest":"sha1:9478cd6c9c6e04e537c7b0efa51db48ce1ffddf1","objectDigest":"sha1:15146b9bf4f1f5f9bf176a398d8c4f0321c63064"}]}
-----BEGIN PGP SIGNATURE-----

wsBcBAEBCAAQBQJZr0CRCRCiDCfuf/e6hAAA3SMIAGcy1OJMJ0AL/OiVz0ztceUS
yAAyMiQGAneE5MFEhKdI1b48tsvsyJt339Z8XgU50LoIIRKgQ/JAuPdNUL34zhyu
t3oaQeRt4FjnudSvY4lDuRAyGnDQTYnF9N4Ke0BF/7I7SZkEf6nBrWoZxVwl8nXo
vRrJwSRl5zH2hD1gkOU6fVvL6F0G/BBD+6vxKOHuje8QIEHwXeawgm+CSpOuq2Px
xifJRxUibxflrDeBINGyJj9q0IsOR+MA1z3w1XmiXr9BoSpI1dBshBQ2J0jfLHnZ
UG4p0ohwJKA6pmqvp4cLsBqrm4Bi9tiNW1y5ETmL0Uk155rdoKcFDPig6HEqiC4=
=HAjb
-----END PGP SIGNATURE-----