-----BEGIN PGP SIGNED MESSAGE-----
Hash: SHA256

{"version":1,"header":{"digest":"sha1:ada68a4647c332f3b89905972c28432bf8dfbe91"},"objects":[{"relativeId":0,"descriptorDigest":"sha1:2b63769dfb558196043080779cb9c14b5f7f26ae","objectDigest":"sha1:15146b9bf4f1f5f9bf176a398d8c4f0321c63064"}]}
-----BEGIN PGP SIGNATURE-----

wsBcBAEBCAAQBQJZr0CRCRCiDCfuf/e6hAAASw0IABIUlngwd+mDEURd7aQrMjbB
tKS02swi1jnXAhTy9ccseP4ReaNx7In+6juFRdrbvoQpqEO2vXruRIqYbe0+6QU0
1IzK87tsRuqvE3zJ7LH0VO6gy26pmX6wFC9tQo4IcFdo5qsJp4R34Uq4qF9hn/2L
9woZQFHwsnhjAZtu5lQ0x9MDF2EMsWXR6TSm+/ZhFQCHzywgJvNtbTjgQVUir17X
k4V7pjMBeO5uVtxDSKEwBFyFq2B857sh7o24il6E9eXV1GnEkWWrgRCeuCFM6Uxl
NWaa7zEHL0JQWFDiOaHpHjn0NYeP1xDcF9YUkfDaAurkTrAJnb+VMtVFtWDdGmA=
=LLsQ
-----END PGP SIGNATURE-----