-----BEGIN PGP SIGNED MESSAGE-----
Hash: SHA256

{"One":1,"Two":2}
-----BEGIN PGP SIGNATURE-----

wsBzBAEBCAAnBQJZr0CRCZCiDCfuf/e6hBYhBBIEXIwLEATQWN5L7aIMJ+5/97qE
AACREgf8DNQbgGAyNKBnKtjx5pPBu0XUNNM0tEsaBM4RbWA68W0KzS6XefIeuRs4
73JQh+YcLUcb3kffyezb3VFn4wUjZmTJEwi6uPldSJYrex4mLSzKDukj7D4ZaAvc
qk1rFfi/rwFTAPGA10j1UAwfHEcv+dNZc0LdIEcKNxL2SxACMMrs5LjncQcNBKLe
ATlaMLV4fQ3MKDRdopi7U7tkH3vaF9QyrD2pxI0yCdRyRy0Xlc4i60zbE7wWPGJx
E3EWFIylZyKzAbZlz4pSUWqts08+wAbWbwg0EPrsLd3ZV5LkO2aFlyqS1/A73sYb
4QRf6OiFm24EfTVcfbKeiTG/obwv/w==
=OJk4
-----END PGP SIGNATURE-----