Launch Script:        #!/usr/bin/env run-singularity
Version:              01
Primary Architecture: 386
ID:                   6ecc76b7-a497-4f7f-9ebd-8da2a04c6be1
Created At:           2020-05-22 19:30:59 +0000 UTC
Modified At:          2020-06-20 20:16:39 +0000 UTC
Descriptors Free:     45
Descriptors Total:    48
Descriptors Offset:   4096
Descriptors Size:     27 KiB
Data Offset:          32768
Data Size:            9 KiB
