Launch Script:        #!/usr/bin/env run-singularity
Version:              01
Primary Architecture: 386
ID:                   73e1c5c3-5c41-41ed-ad7c-2504d669f140
Created At:           2020-06-30 00:01:56 +0000 UTC
Modified At:          2020-06-30 00:01:56 +0000 UTC
Descriptors Free:     45
Descriptors Total:    48
Descriptors Offset:   4096
Descriptors Size:     27 KiB
Data Offset:          32176
Data Size:            10 KiB
