  Data Type:        FS
  ID:               2
  Group ID:         1
  Linked ID:        NONE
  Offset:           36864
  Size:             4
  Created At:       2020-06-30 00:01:56 +0000 UTC
  Modified At:      2020-06-30 00:01:56 +0000 UTC
  Name:             .
  Filesystem Type:  Squashfs
  Partition Type:   *System
  Architecture:     386
