ID   |GROUP   |LINK    |SIF POSITION (start-end)  |TYPE
------------------------------------------------------------------------------
1    |1       |NONE    |32768-32830               |Def.FILE
2    |1       |NONE    |1048576-1753088           |FS (Squashfs/*System/amd64)
3    |1       |2       |1753088-1754043           |Signature (SHA384)
