-----BEGIN PGP SIGNED MESSAGE-----
Hash: SHA256

{"One":1,"Two":2}
-----BEGIN PGP SIGNATURE-----

wsBzBAEBCAAnBQJZr0CRCZCiDCfuf/e6hBahBBIEXIwLEATQWN5L7aIMJ+5/97qE
AABw3Af+JOwZe9vRSBAUbuv0akGte0vmiyBAOOJgMgP8G6PtSVMOuyk87hMs9WyB
Gfgm8st0jkYsCP60lSziNd24cevrqSW+8CnbcWuyhSpl9DBtKnjt/BXc0AturkQA
/8Yn/9XImSYGrcqjJeCWhVBrJTlPaYu8swbXhvDoHvrVG/t6POO4xYumN3Nf8uoY
zP8TtK8L1c2H1sY1MbngL/rVaFapdChQw8XCc280JMqnnjixnqSdjaeVPoQJItjG
m6k2nTUBn7OS9lHYRc9batc38ty13tVSCSd62nvfQILL5YOPqfRtGJzLU0LGMrIO
aJv5oAPI8SaPaFGuFOPxc7oTckNCIw==
=FYE/
-----END PGP SIGNATURE-----