-----BEGIN PGP SIGNED MESSAGE-----
Hash: SHA256

{"One":1,"Two":2}
-----BEGIN PGP SIGNATURE-----

wsBcBAEBCAAQBQJZr0CRCRCiDCfuf/e6hAAArhkIAAujKcRwzPBq5HjURqDYzQBL
YTH9nviKUedWM8x3nyS9RcnMNAOp6VravVhC/8m4xk+VR/PbKwXAAiGsRIc27X6e
vgkScVNPAm+rriXl2kNKlaNVzynqcQk5qCWrDYnWY7T3J9zQWX5I0okwGF4ZJYfc
pXhN08xu8pEsxB+dZqGKZ6dTRvJXe0vTa9U0OtJE9RjDxmJsa1kpfQSD4MJ4pi4B
OnBTw0I3O/o8DWPkDwBc5b/U1lEwoGVsa449d5zlVdlPYy0I9ggYqwkloJmRYg6j
/XQNA8AS3LhcIN7ouladIJbo50TmHIscnbx+j2pZaDm9gPskj9bJbz4mE/ChotY=
=1yr3
-----END PGP SIGNATURE-----