-----BEGIN PGP SIGNED MESSAGE-----
Hash: SHA256

{"One":1,"Two":2}
-----BEGIN PGP SIGNATURE-----

wsBzBAEBCAAnBQJZr0CRCRCiDCfuf/e6hBYhBBIEXIwLEATQWN5L7aIMJ+5/97qE
AACDsAgAnVhR5jTdvrbICFtjKXYxxG8jsbJBpcJeUpI0isA3Js7VAnsrL+Rf/LHh
Shjckz57TL9MkRFR7ENqPF0m/6DP3+YlrDAGz7pKEfkM7LEkh4D31doHKHF8L3CE
cWAO3jxJFVf1EFULLGlUiKlav4nVXkbBqevonje75rdOAL/ARhKSy5/pycq1yWSK
pXVc6uAk5p7KO/nJ8uPef6nCc1NKYaBsTn9nlBpxNSfxbU6nzZChrQJkf/N3Umg2
yo4WxQFgUMjAAOqYY6G7PexN9I0r8xgvLpwpZ1gx7fxCW0dHv2pNcPHL2TiPDXvU
jJOEKedUjf9yIaBtbfTt3/nNkJrI/Q==
=beI9
-----END PGP SIGNATURE-----