-----BEGIN PGP SIGNED MESSAGE-----
Hash: SHA1

{"One":1,"Two":2}
-----BEGIN PGP SIGNATURE-----

wsBcBAEBAgAQBQJZr0CRCRCiDCfuf/e6hAAAyTYIABHw05OoUPnPHLzpw9ye/2gz
ftz/vfZuR0hCUKX9nvXE3dEYE5Y3hTvEmDYXutABx2bXb5gkInM4Rgh2pmLI5Wu9
v9aK0AUZNLxVaVaHR8CVy773OSyHBquGA/nWDXVg+lnY2UOw7l/E1rxyP0VR+j2M
h2OJsr5KsDWAHVjPUg+xAbefBlxDA9kLjmaowy4uBShpzrCHA9rSK2kdQ0jaRpxX
aqeZiugiGmpXMYbtPzaDnfi/zihxxRc1VA9mqhbzYuEWZeM+UQeJN+YdUThrqQbs
OhJHeWh2RTOZYM7WtijkEsGGRN2DImpdj9Q+8B7ckHVKcXRyX0BwVQm2lVU/YZI=
=Qwtx
-----END PGP SIGNATURE-----