-----BEGIN PGP SIGNED MESSAGE-----
Hash: SHA1

{"One":1,"Two":2}
-----BEGIN PGP SIGNATURE-----

wsBzBAEBAgAnBQJZr0CRCRCiDCfuf/e6hBYhBBIEXIwLEATQWN5L7aIMJ+5/97qE
AAAH/Af/X3lEca+5YMsUUO+BiRyrCyoV2vMoMkUOJJd4tkzki0yVpIebbaZz+cz+
gr0a1zleTguFRALIJg4hRWkkH2tYEKdCvUegdFkbSpjI8IvEAHGy686Mf5zUVfrK
on7ITZCytefn0LANug1GtBJYm5QndyFCGqvQSHdn2hQBK0HOtRd19yLWLJgJ1+LX
VTcCLQPIbmslh1zTLtAb7oQ5tuTQhypdbvLDgrN9B6xzyooAkWAcRfuxC1NmZufg
pLi60Qc2M23QHSXfYLrxKSXhJQBrRgom45K/SAlYDfXBnEPr0FxrqgyLYpYDp42l
Nn4VfvbrVdxbl/uVDEyqvdXie5J/Yw==
=qZlS
-----END PGP SIGNATURE-----