-----BEGIN PGP SIGNED MESSAGE-----
Hash: SHA1

{"One":1,"Two":2}
-----BEGIN PGP SIGNATURE-----

wsBzBAEBAgAnBQJZr0CRCZCiDCfuf/e6hBahBBIEXIwLEATQWN5L7aIMJ+5/97qE
AACnHAf+J7rou/ZbPfY+fodtzyIBTrCKyYv4R37Kiu7DQclLfBDvEiRp8ISo6VqE
siGSUapkKCyAzgKcSs3W/A2PFdeI+w5qZ4+Vb/SMjtLCBraKdukNVbsXw8JcE9Mb
mJGFkVvZu5afpNDQqiNAOJnpV4J1+jpnAZAMu7TQs1FmN6/hCwo4GLCtFDwbI8fO
dPna3k1lNB/M0UDiPMhn2qdF6vMWF1m41aQ5CwvCAsMOFZi+3sBA8yZngXJ29fjL
Wng0xaFZPfR/3dEFhlMcqCpM4OFpsVTP5b99GPXUEwaZpwPJuGVUSk7Ck8hfbndQ
pCYg/sAXojQj69Ymc88utJq4GfR7eg==
=EY0t
-----END PGP SIGNATURE-----