-----BEGIN PGP SIGNED MESSAGE-----
Hash: SHA224

{"One":1,"Two":2}
-----BEGIN PGP SIGNATURE-----

wsBzBAEBCwAnBQJZr0CRCZCiDCfuf/e6hBahBBIEXIwLEATQWN5L7aIMJ+5/97qE
AADZhQf8DDXI6Ac4RQwpb6dWEhSOKiKC/voPS1+NGEvFeZ0XE9aqdXgPxQkT5RSJ
sAG7Hoe8tRRrcagXgcHSGVOnE6tqpL6CITFs6g5MtvlZRxRftpNEHo4xqbUMM1ce
JPBKrg0u4nCARdq3XCQbuUjVJ2R24XojBjfBXsmNzDsiyekYyllpK/mmWouzQSdC
IU1sa6/P0JyA0vYzuYPOAqJgFO/cRzXSDEuqW6I07kIbKCHi1joGYb5xVUofJ+2B
Rt3QnlNrTzMCUxLYE6Rzy0JyzjpjhozY5ldVRkE2NrFkxrgLrItCIMNPjqud7n88
/DPHuLBdTK6+g6qVMUBLF8QKB5X3yA==
=Npht
-----END PGP SIGNATURE-----