-----BEGIN PGP SIGNED MESSAGE-----
Hash: SHA224

{"One":1,"Two":2}
-----BEGIN PGP SIGNATURE-----

wsBcBAEBCwAQBQJZr0CRCRCiDCfuf/e6hAAAVZsIAFP3UYRtSxjq6y2ip2Jo2K3v
PYHsAR++ON5VArAOsTE+q6/EkJlTt0EUV8xCxtsigZSaNPNAXTg4+EcVJ5nsW+pE
4JQSgsOiBjQ7uH0AE9fxRicVrw44QFn2H2tMdd4zN1DMdzlLt1sa/5DYn1OkJEKA
qNR0UxbVQHRRUCz9QIHZ5qOunZgdbAbYb4TTlj683MHCue+KJEdetzhereLfg4k+
2nRJwwYW/JIiDtYBfoTg2r8l3lwnsW9iHsraq5r+/ZXsGjRfaQuKfHO0XY4dwdyQ
C2loJJL4HTS5ed7bCFWPZ//zeKqZm/sK2+GklH1EuR5CVALqHgYrRYzEmRbne08=
=S/WT
-----END PGP SIGNATURE-----