-----BEGIN PGP SIGNED MESSAGE-----
Hash: SHA224

{"One":1,"Two":2}
-----BEGIN PGP SIGNATURE-----

wsBzBAEBCwAnBQJZr0CRCRCiDCfuf/e6hBYhBBIEXIwLEATQWN5L7aIMJ+5/97qE
AABw2wf/UPvG6GVucl/tD7MxNk+qK2vF/r73UFETIMZUob+O1CJq/GmxKxkir64I
XLSfMC3e3XyvhoUPZS1EQnxyAaSc6xKS4rFIywssDxLmZOh7ImuMig2emvVE4YmJ
/w4JtO49Ohxfib18iookDVyjZ6Szw1NlK2HJYGxjYaM6DBQw5AJhBE3P13RaG3qV
chs2uo0/X/K+JSjukyYz4GeRIDy6Owo+lf0JkBeFxmIWNeRKFty26sAiJ55xQV4t
HYp2mTqFZWEnZWla7/qp60PQUuN/d4uzYFB4J/6HS23i14y2iohhpGbKUpkwhpcE
d9Nf9B/KEAArMpoXRFJKsDJnfWbuhA==
=WfOc
-----END PGP SIGNATURE-----