-----BEGIN PGP SIGNED MESSAGE-----
Hash: SHA384

{"One":1,"Two":2}
-----BEGIN PGP SIGNATURE-----

wsBzBAEBCQAnBQJZr0CRCRCiDCfuf/e6hBYhBBIEXIwLEATQWN5L7aIMJ+5/97qE
AACPhQf9FS4rHcUFyNdW543xVtiGUr6pKXJl4xxwmHMn1I6U8gchwCV+CK9a2JAZ
XP0egSfmvb8M1WqGJf9oRr/Veq6NLwXs2/iMvvL6B4Q9BCNM4uvSUsNnFj/PTKXF
ReIglB/P2DGZwFr6nRxGiLIzptwgMXyxs6EMwpIiMp5bIgWzwOKPeDMGrWw3WpZ2
A46tf9p/Gmj0kqs4YmFw/FZacVbqt4Y+3DjmHvjvyNtGN25IpwLcgpvgXqpdJC5w
1Sq7E+yjZL8Gu7MHv37/nlqkR+xEF/vrbMMRv5n5Jbvoj9Xg+59+Q6HWkNsa7N8d
Q4mp1nR6o8KWnH0yXwIzmRm22rWHTw==
=VLVw
-----END PGP SIGNATURE-----