-----BEGIN PGP SIGNED MESSAGE-----
Hash: SHA384

{"One":1,"Two":2}
-----BEGIN PGP SIGNATURE-----

wsBzBAEBCQAnBQJZr0CRCZCiDCfuf/e6hBYhBBIEXIwLEATQWN5L7aIMJ+5/97qE
AAAQhgf/Y0S0pMdClDPi4cn6moxF+mPnt+ADpsLo32zk4YGXR6P0/oxLVz/+5vJw
W93hSAhRvD1CraNHNxpnC52VHazRusBpELD8pzGk8j+q1gD4tFIo6P1dGIiW9JpH
GF3rpUuVtA14YnjEfXrUyRGbp2YUK82hnmT+fW5Yi9jWwZjXEA/Jon5KxrBYjVE0
Ckk+vP5sGXi8KZZq+wSZkecfDVFn1QlPe86RA2hY+TQcykWVT07MLrIUta0TCUKH
efew+5uJ1mJ3ehnTT6b7vaQjrwmtBmcG3/B9VidfeKqxSOPvlt6u8sOa/Id4W2gM
PXyrcV6C3sYYvEHWg+X423IfnkpZDg==
=DKbp
-----END PGP SIGNATURE-----