-----BEGIN PGP SIGNED MESSAGE-----
Hash: SHA384

{"One":1,"Two":2}
-----BEGIN PGP SIGNATURE-----

wsBcBAEBCQAQBQJZr0CRCRCiDCfuf/e6hAAAYhwIADH5qbZhWved0t8VxKn8dqmb
fkLMwHBsAZ9VyYmw5j0ygfTElNPBLTmWhHVIA9BSreZb/5L+GMvHP0ZgL5myPtjo
oLiNRauU+Y/lgAssWVc0N0jwS9ELZYEHrt2RNKEzFIzo9Toa37lPhw61ETGpMa31
1mCUDD4DOaq8LXgD9A1eDswwE00Dts/MJWAayxn7uYloaBUugQbLvxukbWup0mR4
QmxngSaK/ncWmgo2NeXGQN8QfHc9ArVu8k4hjKZ95QSXaQEgBVJiTNje6reqI9CC
1iUp5Vm4xet1CbRVaGezOm5thqgB0dfdu17N3/SDnBfgtzWRU2yVkVX7wJKjIc0=
=a1ow
-----END PGP SIGNATURE-----