-----BEGIN PGP SIGNED MESSAGE-----
Hash: SHA512

{"One":1,"Two":2}
-----BEGIN PGP SIGNATURE-----

wsBcBAEBCgAQBQJZr0CRCRCiDCfuf/e6hAAAKScIAJS/J5qxDs2iWVVQsxR1VoeD
vGGOVtbIf/I52lW0AKX4prETRQI6aCsWn7Mo/nU9iXT8xWia3dWR4+AS5VvrR68Z
hAEBifBDFbyPpEhrOZkBhBdlYoyqaUwYm7Hh2ftkOz31gJF99dVLcUKmByXTeZ9k
Mcd456svrXVhvx2UYR7yj69vNnoAr9qOwBYVNwhNqQGu506n+PqaBdqfjyn+FWtj
/bAJLM9uC4Xlw3oMflbs4mFvCIRensNEJNnLMfD9BoflQvsJPqSUJFiRmnDHDgZh
rSjEzSOOXWFSqiQu2teQYvndKGL02/gonmawBib9rUWiZkKYhedTLVeD7LgvpsA=
=Z931
-----END PGP SIGNATURE-----