-----BEGIN PGP SIGNED MESSAGE-----
Hash: SHA512

{"One":1,"Two":2}
-----BEGIN PGP SIGNATURE-----

wsBzBAEBCgAnBQJZr0CRCZCiDCfuf/e6hBahBBIEXIwLEATQWN5L7aIMJ+5/97qE
AADw9QgAl3ZD0vCmvxyPHiz3PuQpgEUM17z6msOtYJ8ZxL+uNe1niTeBYShvPxm1
6VULiYnBEJ4npkHMKqIXUAnHIN9wUD/FO7/JkEW1ttxZSoQKIiJeL7m/C5E/qEG8
ikFLlhYproo5lN18xf64h9oi2UaZGlF4jLufWflRNemSm/d5hPpns2gvP47L3jF2
vDZO7VGi4Q5P6zO2Zg4E4tLBWZkH5PxQls5QC13VCu36zOXmEt2TRLeSQ47Y60du
Sp+LFuSpnIC9qJmj6OWabfIvOzLyuoZQpcCjDmYOpxSftrF8b0pFXN/tXdbJzWI5
dH8EBvdCJ15EWL41hgxyOps9uGAVaw==
=aBQa
-----END PGP SIGNATURE-----