-----BEGIN PGP SIGNED MESSAGE-----
Hash: SHA512

{"One":1,"Two":2}
-----BEGIN PGP SIGNATURE-----

wsBzBAEBCgAnBQJZr0CRCZCiDCfuf/e6hBYhBBIEXIwLEATQWN5L7aIMJ+5/97qE
AABVJAf+NI6qirjeMV3oJ+55qxJyUy4S3Mdkh5gpkKhzJDhaZbyO712iU+MSFs6s
/te2tRcQDAY+M1rUkLkPDx517r+aYRIcDG/NyDZc0/TuA4xw0av+LtEbXJysPfkl
lNFe4p3ClB3YHKG5lx4MJc0/mCG/S3+IIoQ0iChuCAODz2MkfwT0vFfZXgr3flsl
RXGw9DWrxXrBmBsmulcj+DGxuNGocO+U/HkE/Ofv3u2ZdWT4V2hEa05ynl+4EQRV
kuDtXbtQfQKqDQtFY2ToLt3lY/aI4cP+6r2LCeP6HqmBoTUwWxV+89hLjP92rjo+
ybocvOwQ2GPyH/4QJNULBlJybPvKgg==
=nbAY
-----END PGP SIGNATURE-----