Descr slot#: 1
  Datatype:  FS
  ID:        2
  Used:      true
  Groupid:   1
  Link:      NONE
  Fileoff:   1048576
  Filelen:   704512
  Ctime:     2018-08-14 07:45:59 +0000 UTC
  Mtime:     2018-08-14 07:45:59 +0000 UTC
  UID:       1002
  GID:       1002
  Name:      busybox.squash
  Fstype:    Squashfs
  Parttype:  *System
  Arch:      amd64
