ID:           6ecc76b7-a497-4f7f-9ebd-8da2a04c6be1
Created At:   2020-05-22 19:30:59 +0000 UTC
Modified At:  2020-05-22 19:30:59 +0000 UTC
----------------------------------------------------
Descriptors:
ID   |GROUP   |LINK    |SIF POSITION (start-end)  |TYPE
------------------------------------------------------------------------------
1    |1       |NONE    |32768-32772               |FS (Raw/System/386)
2    |1       |NONE    |36864-36868               |FS (Squashfs/*System/386)
