ID:           610cf3a3-18b0-4622-8b08-772d3510d7b5
Created At:   2020-06-30 00:01:56 +0000 UTC
Modified At:  2020-06-30 00:01:56 +0000 UTC
----------------------------------------------------
Descriptors:
ID   |GROUP   |LINK    |SIF POSITION (start-end)  |TYPE
------------------------------------------------------------------------------
1    |1       |NONE    |32768-32772               |FS (Raw/System/386)
2    |1       |NONE    |36864-36868               |FS (Squashfs/*System/386)
3    |2       |NONE    |40960-40964               |FS (Ext3/System/amd64)
4    |NONE    |1   (G) |45056-46110               |Signature (SHA-256)
5    |NONE    |2   (G) |49152-50007               |Signature (SHA-256)
