{"payloadType":"application/vnd.sylabs.sif-metadata+json","payload":"eyJPbmUiOjEsIlR3byI6Mn0K","signatures":[{"keyid":"SHA256:BhCwr7qZulYcOMSl2Jt2DuYHxHNnN6th4NdMqR/PGa4","sig":"QgK1Nf31jAGUaF8uUHiTCQdRaXXh4tUvX1r/n8TPv+jKYhwKTrwYYMHol0gzo1m/OmhTn8XC3vZ1cuVyvhhhBjIgux2gee+7Rm9Vzu5WwDeH0haU1tgUXcGqqLSc7Udh1zkT8+peGSTytF1ZCPuDxYJhKe6b5ZkT8vbd6nC5zHOAe9PRAp+VoJg3okvQvdWgphHcdpFM4eF6h4qTi9A5BlKCkL4MCdfKJWg0T/aLNQLI7+eKxqk7mWPcraTXqPUnyptQ4z+pO6nocNaTYx6Ouh4vkiMKzokesQxTwZz+/80Y/Ig1hvcljR7VPFrCfInhKU5o7ljjB8CQEN+MaFqtFVsAatO6ttC0Msj7iozaj+Cqm0PwrysIfQaRWGkMgnFkMEhgO4aebBLNLoAVBf92oY06lNsIPQofNi6id7s0R8ch6fuQ0N/4GjmDRCfaYYS5pQuA8TYIVVBCkjzMLgjInD1QQV/MxSDRNPLOrKcnF8j6ub0iknWaDyuBsIzjIe0D4QDdOJDxzhC3G4cqtPXfnvfJaGs7n0t05Y2sT4Z/5mGKw2yAJRd4g7Ur1HawcLdN42Bt200C6yXovmpV6MZglNLUttfQBffZQOSB7nK9jkBtHZca7YsUQIas9sIBbRX3HLzNfnz3MDhjuquLo4w633ZPoY+IPmcs/3x3QVX3tU8="}]}