{"payloadType":"application/vnd.sylabs.sif-metadata+json","payload":"eyJPbmUiOjEsIlR3byI6Mn0K","signatures":[{"keyid":"SHA256:BhCwr7qZulYcOMSl2Jt2DuYHxHNnN6th4NdMqR/PGa4","sig":"p30wIIYvuxg1vLuVMSBCb9HlLjCJuHcW4ORi1GHSFzFxqLMkUVcGZvLotyA+25tInLqwX8SfTXkuIM1LnvwrrjOubi2Om8Cd9gyZqYP5Dx+BsPbAEmDgBkmV/2am6voKmpXuzNlXYocyCezw+Px+oxJI3bmFMCTjkFf5q4ah5HWvDMgfpa9T7oj13iS1WtLE2W6S5yuaIu/5gGQAWrxKKIhjAGEyS9+6I9VJEP2d2hJPDyey7YatM2Z7BfukVml/IBKoYo4cz50Y5fLfA+DstjpxQzQ0t/LyuntvsMVnOEH0n1C59aEku7RTFDVoA7GKvhSnWmGr4lD/33ZHeUDSNDWGoYo2rKeWUby+Z4Jyf27AbK2TrPvB3bxjIt7EoB4yuG1bmHgv6Agf7U43o8SZxo5mWEU/HOxulNRyE/W4quoVnD3slAIAfhDoOPo1flqaWFApPj4toyCuieQq2AheJxyP//crJnI+iLy3eUVWPELbSFpD4Gg2NKJ3PjiTx2XZndy5QVguAbjQy5RmMiFZ9Hk5qmV71wGDaBsGPKIDesM8CAXu3YOkhAEa36HYg9whgPsWDWjPe0VNzoN4UqXcjsb986n2M7AHVv+XHURf9MepRPy/pjShR0xUAeRFrZz8sBlhqaIXZcPwLBNSgZ91B5y/+VOy5aeOFTtfDG4nows="}]}